// Vitest Snapshot v1, https://vitest.dev/guide/snapshot.html

exports[`FirstStepsApp > should match snapshot 1`] = `
<div>
  <h1>
    Carrito
  </h1>
  <div
    data-testid="ItemCounter"
    name="Nintendo Switch 2"
  />
  <div
    data-testid="ItemCounter"
    name="Pro Controller"
  />
  <div
    data-testid="ItemCounter"
    name="Smash Bros"
  />
</div>
`;
